id,text,user_mentions.id,user_mentions.screen_name
593891099434983425,RT @KirkKus: Indirect cost of the UK being in the EU is estimated to be costing Britain £170 billion per year! #BetterOffOut #UKIP,929903647,KirkKus
593891099388846080,RT @LabourEoin: The economy was growing 3 times faster on the day David Cameron became Prime Minister than it is today.. #BBCqt http://t.co…,168090600,LabourEoin
593891100429045760,RT @GregLauder: the UKIP east lothian candidate looks about 16 and still has an msn addy http://t.co/7eIU0c5Fm1,317875569,GregLauder
593891100768784384,RT @thesundaypeople: UKIP's housing spokesman rakes in £800k in housing benefit from migrants.  http://t.co/GVwb9Rcb4w http://t.co/c1AZxcLh…,262604305,thesundaypeople
593891100982546432,RT @Nigel_Farage: Make sure you tune in to #AskNigelFarage tonight on BBC 1 at 22:50! #UKIP http://t.co/ogHSc2Rsr2,19017675,Nigel_Farage
593891101154619392,RT @joannetallis: Ed Milliband is an embarrassment. Would you want him representing the UK?!  #bbcqt vote @Conservatives,232263561,joannetallis
593891101154619392,RT @joannetallis: Ed Milliband is an embarrassment. Would you want him representing the UK?!  #bbcqt vote @Conservatives,14281853,Conservatives
593891101452476416,"RT @abstex: The FT is backing the Tories. On an unrelated note, here's a photo of FT leader writer Jonathan Ford (next to Boris) http://t.c…",1525565280,abstex
593891101838340096,RT @NivenJ1: “@George_Osborne: Ed Miliband proved tonight why he's not up to the job” Tbf you've spent 5 years doing that you salivating do…,299530170,NivenJ1
593891101838340096,RT @NivenJ1: “@George_Osborne: Ed Miliband proved tonight why he's not up to the job” Tbf you've spent 5 years doing that you salivating do…,1225696320,George_Osborne
593891101959917568,"RT @cononeilluk: Cameron ""Ed Milliband hanging out with Russell Brand. He is a joke. This is an election. This is about real people' http:/…",855263756,cononeilluk
593891102257713152,RT @politicshome: Ed Miliband: Last Labour government did not overspend http://t.co/W9RJ2aSH6o http://t.co/4myFekg5ex,16558943,politicshome
593891103100776448,RT @scotnotbritt: Well thats it. LABOUR would rather have a TORY government rather than work with the SNP. http://t.co/SNMkRDCe9f,28584042,scotnotbritt
593891102836563969,"RT @stephen501: @dunleavy138 @CrillyBobc @theSNP @UKLabour I would be happy to do a deal with the SNP, but @Ed_Miliband was clear. If you w…",23607137,stephen501
593891102836563969,"RT @stephen501: @dunleavy138 @CrillyBobc @theSNP @UKLabour I would be happy to do a deal with the SNP, but @Ed_Miliband was clear. If you w…",320369769,dunleavy138
593891102836563969,"RT @stephen501: @dunleavy138 @CrillyBobc @theSNP @UKLabour I would be happy to do a deal with the SNP, but @Ed_Miliband was clear. If you w…",523427919,CrillyBobc
593891102836563969,"RT @stephen501: @dunleavy138 @CrillyBobc @theSNP @UKLabour I would be happy to do a deal with the SNP, but @Ed_Miliband was clear. If you w…",77821953,theSNP
593891102836563969,"RT @stephen501: @dunleavy138 @CrillyBobc @theSNP @UKLabour I would be happy to do a deal with the SNP, but @Ed_Miliband was clear. If you w…",14291684,UKLabour
593891102836563969,"RT @stephen501: @dunleavy138 @CrillyBobc @theSNP @UKLabour I would be happy to do a deal with the SNP, but @Ed_Miliband was clear. If you w…",61781260,Ed_Miliband
593891102895296512,"How dare @EdMiliband_MP force Socialists to chose between the English LP and the SNP! The #SNP are the last, true Socialist party in the UK",2337137191,EdMiliband_MP
593891104438759425,"RT @abstex: The FT is backing the Tories. On an unrelated note, here's a photo of FT leader writer Jonathan Ford (next to Boris) http://t.c…",1525565280,abstex
593891104870813699,@B0MBSKARE the anti-Scottish feeling is largely a product of Tory press scaremongering. In practice most people won't give a toss!,278076899,B0MBSKARE
593891106066198529,RT @GloriaDePiero: Nick Clegg is just as responsible for this Govt's failing  plan as David Cameron - he's backed the Tories all the  way,162472533,GloriaDePiero
593891106590429185,RT @mykilmarnock: Will the person who dropped a Vote SNP badge please call at Kilmarnock police station to collect it. http://t.co/o3sG5B4L…,2787759816,mykilmarnock
593891106787631104,RT @Markfergusonuk: The Sun’s Twitter worm appears to believe Ed Miliband is winning so far #bbcqt http://t.co/ZgZbSwnZxZ,28079313,Markfergusonuk
593891106921799680,"@ScottishPleb @AHairyBiker

SNP toxic in England. Why would Labour want to do a deal with them?",1228300466,ScottishPleb
593891106921799680,"@ScottishPleb @AHairyBiker

SNP toxic in England. Why would Labour want to do a deal with them?",396534158,AHairyBiker
593891107232165888,"RT @KatieKhaleesi: I'm #SNPbecause in my entire adult life I've only seen Labour &amp; Tories cause misery, war, and further victimisation of t…",2171610117,KatieKhaleesi
593891107387375616,"RT @daniloxxv: ""UKIP is the bastard child of the big three parties. With apologies to all bastards."" - @PeterTatchell at the University of …",40175634,daniloxxv
593891107387375616,"RT @daniloxxv: ""UKIP is the bastard child of the big three parties. With apologies to all bastards."" - @PeterTatchell at the University of …",31135856,PeterTatchell
593891107039215616,"“@suttonnick: Friday's Times front page:
Miliband savaged for ‘lies’ over spending
#tomorrowspaperstoday #bbcpapers http://t.co/ts9ZnULDwr”",21910500,suttonnick
593891107857158145,RT @dhothersall: Scenes of celebration in Glasgow as #SNP applaud a #Conservative victory. Just a bit of fun. Or is it? :-) https://t.co/hh…,88059720,dhothersall
593891108117155840,"@KTHopkins SNP thickos look forward to having the balance of power, bringing fair, decent policies that fascists bigots like u detest!",21439144,KTHopkins
593891108314308608,RT @LabourEoin: Another humongous lie from David Cameron. He has not clamped down on Tax Avoidance. Uncollected Tax has risen #BBCqt http:/…,168090600,LabourEoin
593891110239543296,RT @jsteve372: .@mik61scot it's Nicola Sturgeon's new education policy... Improve literacy by getting deprive kids reading words on helicop…,880165526,jsteve372
593891110239543296,RT @jsteve372: .@mik61scot it's Nicola Sturgeon's new education policy... Improve literacy by getting deprive kids reading words on helicop…,137690167,mik61scot
593891110616989696,"RT @guardian: Guardian front page, Friday 1 May 2015: Miliband hardens his line: I will not do deal with SNP http://t.co/gHMZXK3Tbc",87818409,guardian
593891110763757568,RT @StephenHep21: @ScotlandTonight Ed is free to say he wont do a deal. It is #SNP who will never be forgiven if they vote down a Labour go…,2437160281,StephenHep21
593891110763757568,RT @StephenHep21: @ScotlandTonight Ed is free to say he wont do a deal. It is #SNP who will never be forgiven if they vote down a Labour go…,361756405,ScotlandTonight
593891111502016512,RT @Ed_Miliband: I want to be completely clear: there will no coalition and no deals with the SNP. #bbcqt,61781260,Ed_Miliband
593891111824941056,RT @HuffPostUK: The Tory spin message about David Cameron's performance is a bit obvious #bbcqt http://t.co/yihDlG5NVo http://t.co/KsqFCqwS…,271413771,HuffPostUK
593891111799783424,@Nigel_Farage Does Ed's rejection of Lab/SNP deal undermine Cameron's plea to Ukippers to 'come home' on the basis of that proposal?,19017675,Nigel_Farage
593891111942365186,RT @Ed_Miliband: I want to be completely clear: there will no coalition and no deals with the SNP. #bbcqt,61781260,Ed_Miliband
593891111946551296,"RT @chaos_lane: imagine fighting for us to stay in the union, promising that Scotland's voice will be heard, and then refusing to do a deal…",330665067,chaos_lane
593891113179750401,RT @ronwindward: @JimForScotland Crazy statements like that just confirms to me I made the right decision in leaving Labour for the SNP.Tim…,833702100,ronwindward
593891113179750401,RT @ronwindward: @JimForScotland Crazy statements like that just confirms to me I made the right decision in leaving Labour for the SNP.Tim…,32522100,JimForScotland
593891113750106112,"RT @Riath84: Great, you reduced the deficit, by killing and shitting on the poor. Good job. Not really something to be bragging about Torie…",133211649,Riath84
593891114215723008,Fucking biased #BBC allowing @Nigel_Farage to have a #leadersdebate program all of his own... #NigelFarage #UKIP #GE2015,19017675,Nigel_Farage
593891114496729088,"RT @nickgoff79: If Miliband had replied then, ""ah, you work in recruitment? No wonder you're such a dick."" I'd have voted for him. But he d…",228706018,nickgoff79
593891114744164354,"RT @EllieCumbo: Oh, Tories. Wiz zis message discipline you are really spoiling uz. http://t.co/wg5WhNyp6O",201003224,EllieCumbo
593891114853216257,RT @LeeMartin4947: Miliband on Question Time: I won't have Labour government if it means SNP deal http://t.co/8DPMTRsqG1 #GE2015,574284134,LeeMartin4947
593891116140888065,"RT @joncraig: Scottish audience all address Sturgeon as ""Nicola"". Earlier on QT it was ""Mr Cameron"", ""Mr Miliband"" &amp; ""Mr Clegg"". http://t.c…",14072988,joncraig
593891116363214848,"@ScotlandTonight If Miliband will step aside to let Tories in, we need 59 SNP MPs more than ever to stand up for Scotland @theSNP #VoteSNP",361756405,ScotlandTonight
593891116363214848,"@ScotlandTonight If Miliband will step aside to let Tories in, we need 59 SNP MPs more than ever to stand up for Scotland @theSNP #VoteSNP",77821953,theSNP
593891116405100544,RT @ChristinaSNP: I just heard Milliband's pronouncements........ Oh dear.... Cutting off his nose to spite the Scots.... #VoteSNP,257023773,ChristinaSNP
593891117525016576,RT @chunkymark: How would labour supporters/country feel if @Ed_Miliband let Tories have another 5 years by refusing to have coalition with…,212973087,chunkymark
593891117525016576,RT @chunkymark: How would labour supporters/country feel if @Ed_Miliband let Tories have another 5 years by refusing to have coalition with…,61781260,Ed_Miliband
593891117474668544,"RT @guardian: Guardian front page, Friday 1 May 2015: Miliband hardens his line: I will not do deal with SNP http://t.co/gHMZXK3Tbc",87818409,guardian
593891118384869376,"RT @GardhamHT: Scots will never forgive Lab if Tories get in because Miliband refuses to work with SNP, says Stewart Hosie",1371900259,GardhamHT
593891118867185664,RT @DanHannanMEP: Ed Miliband bases his campaign around not trusting us on the EU. What would it say about us if we elected him? http://t.c…,85794542,DanHannanMEP
593891118779097090,RT @thesundaypeople: UKIP's housing spokesman rakes in £800k in housing benefit from migrants.  http://t.co/GVwb9Rcb4w http://t.co/c1AZxcLh…,262604305,thesundaypeople
593891119165001728,"RT @CountryStandard: You Gov Poll Tonight
LAB - 35% (+1)
CON - 34% (-1)
UKIP - 12% (-)
LDEM - 8% (-1)
GRN - 5% (+1)",265642404,CountryStandard
593891119609556992,RT @DanHannanMEP: Ed Miliband bases his campaign around not trusting us on the EU. What would it say about us if we elected him? http://t.c…,85794542,DanHannanMEP
593891119701880833,RT @JimForScotland: Labour has called SNP bluff. The SNP must now be clear: are they willing to prevent or bring down a Labour government &amp;…,32522100,JimForScotland
593891120913977344,RT @gemini2359: #bbcqt Tories 1st introduced PFI In NHS not Labour. Here's Ken Clarke boasting of it. http://t.co/4lk4w72f1A,295283950,gemini2359
593891120989544448,"RT @sunny_hundal: It's far easier for Labour to work as a minority govt than the Tories. Miliband can call SNP's bluff, while Cameron has n…",22021978,sunny_hundal
593891121312440320,RT @labourpress: We learnt the most from the question David Cameron wouldn't answer tonight: clear now the Tories will cut Child Benefit #b…,79173926,labourpress
593891123149570049,RT @SunNation: #SUNNATION EXCLUSIVE: We reveal the man responsible for Ed slipping off the stage... http://t.co/WZ7bITsezb http://t.co/gd42…,2543147876,SunNation
593891123304787968,"RT @HouseOfTraitors: #bbcbias Number of times Party/Leader mentioned tonight on @BBCNews

LAB  14
CON  9
LIB    7
SNP  5
UKIP  0",1895366173,HouseOfTraitors
593891123304787968,"RT @HouseOfTraitors: #bbcbias Number of times Party/Leader mentioned tonight on @BBCNews

LAB  14
CON  9
LIB    7
SNP  5
UKIP  0",612473,BBCNews
593891123292078081,RT @Lou_i5e: @RogerV52 @UKIP 100% Nigel,270327100,Lou_i5e
593891123292078081,RT @Lou_i5e: @RogerV52 @UKIP 100% Nigel,187579804,RogerV52
593891123292078081,RT @Lou_i5e: @RogerV52 @UKIP 100% Nigel,358204197,UKIP
593891123325771776,@Daniel__Brookes @sarahduk121 @Nigel_Farage @UKIP that's a tad semantic? perhaps we should use recent general election results as best guide,948314394,Daniel__Brookes
593891123325771776,@Daniel__Brookes @sarahduk121 @Nigel_Farage @UKIP that's a tad semantic? perhaps we should use recent general election results as best guide,3187232212,sarahduk121
593891123325771776,@Daniel__Brookes @sarahduk121 @Nigel_Farage @UKIP that's a tad semantic? perhaps we should use recent general election results as best guide,19017675,Nigel_Farage
593891123325771776,@Daniel__Brookes @sarahduk121 @Nigel_Farage @UKIP that's a tad semantic? perhaps we should use recent general election results as best guide,358204197,UKIP
593891123673878528,"RT @britainelects: Latest YouGov poll (29 - 30 Apr):
LAB - 35% (+1)
CON - 34% (-1)
UKIP - 12% (-)
LDEM - 8% (-1)
GRN - 5% (+1)",1541364193,britainelects
593891123766099970,The historic link between Labour and the trade unions is about to break - thanks to the SNP | via @Telegraph http://t.co/W5JB0FAFet,16343974,Telegraph
593891123610963968,RT @jogideon: Ed Miliband's in denial about his past squandering of our money. Don't let him do it again https://t.co/swqjv3xnHe,67323615,jogideon
593891124680482817,RT @BuntinRobert: Murphy in Scotland insults our intelligence. Milliband in London demeans all Scots. The Scots will not take it lying down…,2506656725,BuntinRobert
593891125066346497,RT @andrew4mk: Off to Citizens MK assembly to show my commitment to living wage. Another no show from my Tory opponent.,70803659,andrew4mk
593891125246689280,"RT @paulwaugh: ICM found just 6% #bbcqt viewers changed their mind. Small sub sample but: Clegg won 32% of switchers, Cam 25% Ed 20% http:/…",26985345,paulwaugh
593891126916046849,"RT @LiarMPs: Russell Brand wants to hug people who thinks its ok to chop peoples heads off on our streets.
Miliband is only reaching out to…",1119758522,LiarMPs
593891127520043008,"RT @WilsonWilson009: Leaked reports that #Tories feared ""inevitable ""election defeat so ran a campaign of false flags, muddying of the wate…",1094730422,WilsonWilson009
593891127918493698,RT @SolManOfficial: Labour will do a deal with SNP make no mistake! Scotland will rule the UK!,2656744153,SolManOfficial
593891128262418433,"RT @benglaze: Great line from Lucy Powell on Miliband's minor trip: ""Ed slipped on David Cameron's sweat."" #GE2015 #bbcqt",114412574,benglaze
593891128472170497,"RT @KatyFBrand: While Cameron slags off Miliband for meeting Russell Brand, shall we just bear this in mind? http://t.co/q0B18I9OFA",32876983,KatyFBrand
