text
RT @KirkKus: Indirect cost of the UK being in the EU is estimated to be costing Britain £170 billion per year! #BetterOffOut #UKIP
VIDEO: Sturgeon on post-election deals http://t.co/BTJwrpbmOY
RT @LabourEoin: The economy was growing 3 times faster on the day David Cameron became Prime Minister than it is today.. #BBCqt http://t.co…
RT @GregLauder: the UKIP east lothian candidate looks about 16 and still has an msn addy http://t.co/7eIU0c5Fm1
RT @thesundaypeople: UKIP's housing spokesman rakes in £800k in housing benefit from migrants.  http://t.co/GVwb9Rcb4w http://t.co/c1AZxcLh…
RT @Nigel_Farage: Make sure you tune in to #AskNigelFarage tonight on BBC 1 at 22:50! #UKIP http://t.co/ogHSc2Rsr2
RT @joannetallis: Ed Milliband is an embarrassment. Would you want him representing the UK?!  #bbcqt vote @Conservatives
"RT @abstex: The FT is backing the Tories. On an unrelated note, here's a photo of FT leader writer Jonathan Ford (next to Boris) http://t.c…"
RT @NivenJ1: “@George_Osborne: Ed Miliband proved tonight why he's not up to the job” Tbf you've spent 5 years doing that you salivating do…
LOLZ to Trickle Down Wealth. It's never trickling past their own wallets. Greed always wins $$$ for the greedy.  https://t.co/X7deoPbS97
SNP leader faces audience questions http://t.co/TYClKltSpW
"RT @cononeilluk: Cameron ""Ed Milliband hanging out with Russell Brand. He is a joke. This is an election. This is about real people' http:/…"
RT @politicshome: Ed Miliband: Last Labour government did not overspend http://t.co/W9RJ2aSH6o http://t.co/4myFekg5ex
"If Miliband is refusing to do any deal with the SNP, how does he plan on forming a government?"
RT @scotnotbritt: Well thats it. LABOUR would rather have a TORY government rather than work with the SNP. http://t.co/SNMkRDCe9f
Cameron wins last TV contest of election campaign - poll: LONDON (Reuters) - Prime Minister David Cameron won the… http://t.co/aUMOoYWOSk
"RT @stephen501: @dunleavy138 @CrillyBobc @theSNP @UKLabour I would be happy to do a deal with the SNP, but @Ed_Miliband was clear. If you w…"
"How dare @EdMiliband_MP force Socialists to chose between the English LP and the SNP! The #SNP are the last, true Socialist party in the UK"
Watch: Ed Miliband trips off the stage following Question Time leaders special http://t.co/X61IGbe07R
"RT @abstex: The FT is backing the Tories. On an unrelated note, here's a photo of FT leader writer Jonathan Ford (next to Boris) http://t.c…"
@B0MBSKARE the anti-Scottish feeling is largely a product of Tory press scaremongering. In practice most people won't give a toss!
"Miliband stumbles, Cameron dodges http://t.co/wnv2zOhQvq"
Miliband - I'd pass on PM job rather than do deal with Scots nationalists: LONDON (Reuters) - British Labour Party… http://t.co/2cFGVfWkqF
RT @GloriaDePiero: Nick Clegg is just as responsible for this Govt's failing  plan as David Cameron - he's backed the Tories all the  way
RT @mykilmarnock: Will the person who dropped a Vote SNP badge please call at Kilmarnock police station to collect it. http://t.co/o3sG5B4L…
RT @Markfergusonuk: The Sun’s Twitter worm appears to believe Ed Miliband is winning so far #bbcqt http://t.co/ZgZbSwnZxZ
"@ScottishPleb @AHairyBiker

SNP toxic in England. Why would Labour want to do a deal with them?"
"RT @KatieKhaleesi: I'm #SNPbecause in my entire adult life I've only seen Labour &amp; Tories cause misery, war, and further victimisation of t…"
Jeremy Vine doesn't think the SNP Scottish takeover merits a mention
"RT @daniloxxv: ""UKIP is the bastard child of the big three parties. With apologies to all bastards."" - @PeterTatchell at the University of …"
"“@suttonnick: Friday's Times front page:
Miliband savaged for ‘lies’ over spending
#tomorrowspaperstoday #bbcpapers http://t.co/ts9ZnULDwr”"
RT @dhothersall: Scenes of celebration in Glasgow as #SNP applaud a #Conservative victory. Just a bit of fun. Or is it? :-) https://t.co/hh…
"@KTHopkins SNP thickos look forward to having the balance of power, bringing fair, decent policies that fascists bigots like u detest!"
RT @LabourEoin: Another humongous lie from David Cameron. He has not clamped down on Tax Avoidance. Uncollected Tax has risen #BBCqt http:/…
"my tory dad:
""if UKIP had a chance here I'd definitely vote for them.""

*5 mins later*
""you are so blinkered!!! so closed minded!!""

u sure?"
"Tonight's polling average: Con 33.7%, Lab 33%, UKIP 13%, Lib Dem 8% and Green 5.7%."
RT @jsteve372: .@mik61scot it's Nicola Sturgeon's new education policy... Improve literacy by getting deprive kids reading words on helicop…
"RT @guardian: Guardian front page, Friday 1 May 2015: Miliband hardens his line: I will not do deal with SNP http://t.co/gHMZXK3Tbc"
RT @StephenHep21: @ScotlandTonight Ed is free to say he wont do a deal. It is #SNP who will never be forgiven if they vote down a Labour go…
RT @Ed_Miliband: I want to be completely clear: there will no coalition and no deals with the SNP. #bbcqt
RT @HuffPostUK: The Tory spin message about David Cameron's performance is a bit obvious #bbcqt http://t.co/yihDlG5NVo http://t.co/KsqFCqwS…
@Nigel_Farage Does Ed's rejection of Lab/SNP deal undermine Cameron's plea to Ukippers to 'come home' on the basis of that proposal?
RT @Ed_Miliband: I want to be completely clear: there will no coalition and no deals with the SNP. #bbcqt
"RT @chaos_lane: imagine fighting for us to stay in the union, promising that Scotland's voice will be heard, and then refusing to do a deal…"
Account for every penny? Like you did last time? Your nose should be 2 foot long! https://t.co/k4NMrenulf
RT @ronwindward: @JimForScotland Crazy statements like that just confirms to me I made the right decision in leaving Labour for the SNP.Tim…
"RT @Riath84: Great, you reduced the deficit, by killing and shitting on the poor. Good job. Not really something to be bragging about Torie…"
Clegg: Education spending is a coalition 'red line' - ITV News http://t.co/uLHiJeeJi6
Can you shut the NS down until May 8. #Prettyplease https://t.co/u5foOReQIh
Fucking biased #BBC allowing @Nigel_Farage to have a #leadersdebate program all of his own... #NigelFarage #UKIP #GE2015
"'I'm not going to cave in to the SNP over Trident and the deficit'.

A left-wing party in favour of nuclear weapons and maintaing austerity"
"RT @nickgoff79: If Miliband had replied then, ""ah, you work in recruitment? No wonder you're such a dick."" I'd have voted for him. But he d…"
"RT @EllieCumbo: Oh, Tories. Wiz zis message discipline you are really spoiling uz. http://t.co/wg5WhNyp6O"
RT @LeeMartin4947: Miliband on Question Time: I won't have Labour government if it means SNP deal http://t.co/8DPMTRsqG1 #GE2015
VIDEO: Sturgeon on post-election deals http://t.co/sLvUpn2uD8
Watch: Ed Miliband trips off the stage following Question Time leaders special http://t.co/PjP3yb5u6t
"RT @joncraig: Scottish audience all address Sturgeon as ""Nicola"". Earlier on QT it was ""Mr Cameron"", ""Mr Miliband"" &amp; ""Mr Clegg"". http://t.c…"
"@ScotlandTonight If Miliband will step aside to let Tories in, we need 59 SNP MPs more than ever to stand up for Scotland @theSNP #VoteSNP"
RT @ChristinaSNP: I just heard Milliband's pronouncements........ Oh dear.... Cutting off his nose to spite the Scots.... #VoteSNP
#Newsnight or Farage talking cr*p for nearly half an hour. A tough call; though Farage might well melt down yet again w/audience questions..
Kind of like/support nick clegg hahahaha
RT @chunkymark: How would labour supporters/country feel if @Ed_Miliband let Tories have another 5 years by refusing to have coalition with…
"RT @guardian: Guardian front page, Friday 1 May 2015: Miliband hardens his line: I will not do deal with SNP http://t.co/gHMZXK3Tbc"
"Couldn't watch the leaders Q&amp;As tonight as I was at a scholarship dinner, but at said dinner I argued Labour doesn't need nor want the SNP"
"RT @GardhamHT: Scots will never forgive Lab if Tories get in because Miliband refuses to work with SNP, says Stewart Hosie"
RT @DanHannanMEP: Ed Miliband bases his campaign around not trusting us on the EU. What would it say about us if we elected him? http://t.c…
RT @thesundaypeople: UKIP's housing spokesman rakes in £800k in housing benefit from migrants.  http://t.co/GVwb9Rcb4w http://t.co/c1AZxcLh…
SNP leader faces audience questions http://t.co/gk6yJ9zXNx
"RT @CountryStandard: You Gov Poll Tonight
LAB - 35% (+1)
CON - 34% (-1)
UKIP - 12% (-)
LDEM - 8% (-1)
GRN - 5% (+1)"
RT @DanHannanMEP: Ed Miliband bases his campaign around not trusting us on the EU. What would it say about us if we elected him? http://t.c…
RT @JimForScotland: Labour has called SNP bluff. The SNP must now be clear: are they willing to prevent or bring down a Labour government &amp;…
"""Making love is not on the cards here, he's a Tory"""
"Audience member: why are million's more people using foodbanks?
David Cameron: here's a letter saying there's no money left"
David Cameron hugs another husky in the storms http://t.co/WWkaKjKEdJ #david Cameron #hugahusky #davidcamerontweet #greatstorm 2013 #StJude
RT @gemini2359: #bbcqt Tories 1st introduced PFI In NHS not Labour. Here's Ken Clarke boasting of it. http://t.co/4lk4w72f1A
"RT @sunny_hundal: It's far easier for Labour to work as a minority govt than the Tories. Miliband can call SNP's bluff, while Cameron has n…"
Fair point...... https://t.co/etdlMiew4T
RT @labourpress: We learnt the most from the question David Cameron wouldn't answer tonight: clear now the Tories will cut Child Benefit #b…
Watch: Ed Miliband trips off the stage following Question Time leaders special http://t.co/ndbqvgEkNK
RT @SunNation: #SUNNATION EXCLUSIVE: We reveal the man responsible for Ed slipping off the stage... http://t.co/WZ7bITsezb http://t.co/gd42…
ED MILIBAND FELL OF STAGE... HOW IS HE GOING TO RUN THE COUNTRY?!?!?!????
"RT @HouseOfTraitors: #bbcbias Number of times Party/Leader mentioned tonight on @BBCNews

LAB  14
CON  9
LIB    7
SNP  5
UKIP  0"
RT @Lou_i5e: @RogerV52 @UKIP 100% Nigel
@Daniel__Brookes @sarahduk121 @Nigel_Farage @UKIP that's a tad semantic? perhaps we should use recent general election results as best guide
"RT @britainelects: Latest YouGov poll (29 - 30 Apr):
LAB - 35% (+1)
CON - 34% (-1)
UKIP - 12% (-)
LDEM - 8% (-1)
GRN - 5% (+1)"
The historic link between Labour and the trade unions is about to break - thanks to the SNP | via @Telegraph http://t.co/W5JB0FAFet
RT @jogideon: Ed Miliband's in denial about his past squandering of our money. Don't let him do it again https://t.co/swqjv3xnHe
RT @BuntinRobert: Murphy in Scotland insults our intelligence. Milliband in London demeans all Scots. The Scots will not take it lying down…
#UKIP TO WIN #FARAGEFOREVER
RT @andrew4mk: Off to Citizens MK assembly to show my commitment to living wage. Another no show from my Tory opponent.
"RT @paulwaugh: ICM found just 6% #bbcqt viewers changed their mind. Small sub sample but: Clegg won 32% of switchers, Cam 25% Ed 20% http:/…"
Watch: Ed Miliband trips off the stage following Question Time leaders special http://t.co/Pm5UrTC2I5
"RT @LiarMPs: Russell Brand wants to hug people who thinks its ok to chop peoples heads off on our streets.
Miliband is only reaching out to…"
"So, on BBC Question Time's election special interview with the various party leaders, Miliband relented to the... http://t.co/JrCAHcLYrn"
Bbc scotlands entire lead story is 'nicola sturgeon won't rule out what she's already ruled out'
"RT @WilsonWilson009: Leaked reports that #Tories feared ""inevitable ""election defeat so ran a campaign of false flags, muddying of the wate…"
RT @SolManOfficial: Labour will do a deal with SNP make no mistake! Scotland will rule the UK!
"And like LibDem leader Mr C said, he had to make hard and brave decision 5yrs ago, to save Britain becm like Greece; huge impact stories"
"RT @benglaze: Great line from Lucy Powell on Miliband's minor trip: ""Ed slipped on David Cameron's sweat."" #GE2015 #bbcqt"
"RT @KatyFBrand: While Cameron slags off Miliband for meeting Russell Brand, shall we just bear this in mind? http://t.co/q0B18I9OFA"
