id,text,hashtags.text
593891099434983425,RT @KirkKus: Indirect cost of the UK being in the EU is estimated to be costing Britain £170 billion per year! #BetterOffOut #UKIP,BetterOffOut
593891099434983425,RT @KirkKus: Indirect cost of the UK being in the EU is estimated to be costing Britain £170 billion per year! #BetterOffOut #UKIP,UKIP
593891099388846080,RT @LabourEoin: The economy was growing 3 times faster on the day David Cameron became Prime Minister than it is today.. #BBCqt http://t.co…,BBCqt
593891100982546432,RT @Nigel_Farage: Make sure you tune in to #AskNigelFarage tonight on BBC 1 at 22:50! #UKIP http://t.co/ogHSc2Rsr2,AskNigelFarage
593891100982546432,RT @Nigel_Farage: Make sure you tune in to #AskNigelFarage tonight on BBC 1 at 22:50! #UKIP http://t.co/ogHSc2Rsr2,UKIP
593891101154619392,RT @joannetallis: Ed Milliband is an embarrassment. Would you want him representing the UK?!  #bbcqt vote @Conservatives,bbcqt
593891102895296512,"How dare @EdMiliband_MP force Socialists to chose between the English LP and the SNP! The #SNP are the last, true Socialist party in the UK",SNP
593891106787631104,RT @Markfergusonuk: The Sun’s Twitter worm appears to believe Ed Miliband is winning so far #bbcqt http://t.co/ZgZbSwnZxZ,bbcqt
593891107232165888,"RT @KatieKhaleesi: I'm #SNPbecause in my entire adult life I've only seen Labour &amp; Tories cause misery, war, and further victimisation of t…",SNPbecause
593891107039215616,"“@suttonnick: Friday's Times front page:
Miliband savaged for ‘lies’ over spending
#tomorrowspaperstoday #bbcpapers http://t.co/ts9ZnULDwr”",tomorrowspaperstoday
593891107039215616,"“@suttonnick: Friday's Times front page:
Miliband savaged for ‘lies’ over spending
#tomorrowspaperstoday #bbcpapers http://t.co/ts9ZnULDwr”",bbcpapers
593891107857158145,RT @dhothersall: Scenes of celebration in Glasgow as #SNP applaud a #Conservative victory. Just a bit of fun. Or is it? :-) https://t.co/hh…,SNP
593891107857158145,RT @dhothersall: Scenes of celebration in Glasgow as #SNP applaud a #Conservative victory. Just a bit of fun. Or is it? :-) https://t.co/hh…,Conservative
593891108314308608,RT @LabourEoin: Another humongous lie from David Cameron. He has not clamped down on Tax Avoidance. Uncollected Tax has risen #BBCqt http:/…,BBCqt
593891110239543296,RT @jsteve372: .@mik61scot it's Nicola Sturgeon's new education policy... Improve literacy by getting deprive kids reading words on helicop…,SNPout
593891110763757568,RT @StephenHep21: @ScotlandTonight Ed is free to say he wont do a deal. It is #SNP who will never be forgiven if they vote down a Labour go…,SNP
593891111502016512,RT @Ed_Miliband: I want to be completely clear: there will no coalition and no deals with the SNP. #bbcqt,bbcqt
593891111824941056,RT @HuffPostUK: The Tory spin message about David Cameron's performance is a bit obvious #bbcqt http://t.co/yihDlG5NVo http://t.co/KsqFCqwS…,bbcqt
593891111942365186,RT @Ed_Miliband: I want to be completely clear: there will no coalition and no deals with the SNP. #bbcqt,bbcqt
593891113750106112,"RT @Riath84: Great, you reduced the deficit, by killing and shitting on the poor. Good job. Not really something to be bragging about Torie…",TheLastLeg
593891113498443776,Can you shut the NS down until May 8. #Prettyplease https://t.co/u5foOReQIh,Prettyplease
593891114215723008,Fucking biased #BBC allowing @Nigel_Farage to have a #leadersdebate program all of his own... #NigelFarage #UKIP #GE2015,BBC
593891114215723008,Fucking biased #BBC allowing @Nigel_Farage to have a #leadersdebate program all of his own... #NigelFarage #UKIP #GE2015,leadersdebate
593891114215723008,Fucking biased #BBC allowing @Nigel_Farage to have a #leadersdebate program all of his own... #NigelFarage #UKIP #GE2015,NigelFarage
593891114215723008,Fucking biased #BBC allowing @Nigel_Farage to have a #leadersdebate program all of his own... #NigelFarage #UKIP #GE2015,UKIP
593891114215723008,Fucking biased #BBC allowing @Nigel_Farage to have a #leadersdebate program all of his own... #NigelFarage #UKIP #GE2015,GE2015
593891114853216257,RT @LeeMartin4947: Miliband on Question Time: I won't have Labour government if it means SNP deal http://t.co/8DPMTRsqG1 #GE2015,GE2015
593891116363214848,"@ScotlandTonight If Miliband will step aside to let Tories in, we need 59 SNP MPs more than ever to stand up for Scotland @theSNP #VoteSNP",VoteSNP
593891116405100544,RT @ChristinaSNP: I just heard Milliband's pronouncements........ Oh dear.... Cutting off his nose to spite the Scots.... #VoteSNP,VoteSNP
593891117269155841,#Newsnight or Farage talking cr*p for nearly half an hour. A tough call; though Farage might well melt down yet again w/audience questions..,Newsnight
593891117525016576,RT @chunkymark: How would labour supporters/country feel if @Ed_Miliband let Tories have another 5 years by refusing to have coalition with…,bbcqt
593891121111179265,David Cameron hugs another husky in the storms http://t.co/WWkaKjKEdJ #david Cameron #hugahusky #davidcamerontweet #greatstorm 2013 #StJude,david
593891121111179265,David Cameron hugs another husky in the storms http://t.co/WWkaKjKEdJ #david Cameron #hugahusky #davidcamerontweet #greatstorm 2013 #StJude,hugahusky
593891121111179265,David Cameron hugs another husky in the storms http://t.co/WWkaKjKEdJ #david Cameron #hugahusky #davidcamerontweet #greatstorm 2013 #StJude,davidcamerontweet
593891121111179265,David Cameron hugs another husky in the storms http://t.co/WWkaKjKEdJ #david Cameron #hugahusky #davidcamerontweet #greatstorm 2013 #StJude,greatstorm
593891121111179265,David Cameron hugs another husky in the storms http://t.co/WWkaKjKEdJ #david Cameron #hugahusky #davidcamerontweet #greatstorm 2013 #StJude,StJude
593891120913977344,RT @gemini2359: #bbcqt Tories 1st introduced PFI In NHS not Labour. Here's Ken Clarke boasting of it. http://t.co/4lk4w72f1A,bbcqt
593891121312440320,RT @labourpress: We learnt the most from the question David Cameron wouldn't answer tonight: clear now the Tories will cut Child Benefit #b…,bbcqt
593891123149570049,RT @SunNation: #SUNNATION EXCLUSIVE: We reveal the man responsible for Ed slipping off the stage... http://t.co/WZ7bITsezb http://t.co/gd42…,SUNNATION
593891123304787968,"RT @HouseOfTraitors: #bbcbias Number of times Party/Leader mentioned tonight on @BBCNews

LAB  14
CON  9
LIB    7
SNP  5
UKIP  0",bbcbias
593891124680482817,RT @BuntinRobert: Murphy in Scotland insults our intelligence. Milliband in London demeans all Scots. The Scots will not take it lying down…,SNPMay7th
593891124953161728,#UKIP TO WIN #FARAGEFOREVER,UKIP
593891124953161728,#UKIP TO WIN #FARAGEFOREVER,FARAGEFOREVER
593891125246689280,"RT @paulwaugh: ICM found just 6% #bbcqt viewers changed their mind. Small sub sample but: Clegg won 32% of switchers, Cam 25% Ed 20% http:/…",bbcqt
593891127520043008,"RT @WilsonWilson009: Leaked reports that #Tories feared ""inevitable ""election defeat so ran a campaign of false flags, muddying of the wate…",Tories
593891128262418433,"RT @benglaze: Great line from Lucy Powell on Miliband's minor trip: ""Ed slipped on David Cameron's sweat."" #GE2015 #bbcqt",GE2015
593891128262418433,"RT @benglaze: Great line from Lucy Powell on Miliband's minor trip: ""Ed slipped on David Cameron's sweat."" #GE2015 #bbcqt",bbcqt
