id,text,place.name,place.country
593891101313896449,LOLZ to Trickle Down Wealth. It's never trickling past their own wallets. Greed always wins $$$ for the greedy.  https://t.co/X7deoPbS97,Mesa,United States
593891102895296512,"How dare @EdMiliband_MP force Socialists to chose between the English LP and the SNP! The #SNP are the last, true Socialist party in the UK",Edinburgh,United Kingdom
593891112407924736,Account for every penny? Like you did last time? Your nose should be 2 foot long! https://t.co/k4NMrenulf,Hove,United Kingdom
593891116363214848,"@ScotlandTonight If Miliband will step aside to let Tories in, we need 59 SNP MPs more than ever to stand up for Scotland @theSNP #VoteSNP",Scotland,United Kingdom
