id,media.media_url,media.url
593891099388846080,http://pbs.twimg.com/media/CD3PUiCWoAEWBF6.png,http://t.co/yKornG2YDo
593891100429045760,http://pbs.twimg.com/media/CD2eDllWoAACbam.jpg,http://t.co/7eIU0c5Fm1
593891100768784384,http://pbs.twimg.com/media/CD1c3gmWEAMiNl1.jpg,http://t.co/c1AZxcLhbH
593891100982546432,http://pbs.twimg.com/media/CD26T4pW8AExTBG.png,http://t.co/ogHSc2Rsr2
593891101452476416,http://pbs.twimg.com/media/CD2Z53AWoAAviDQ.jpg,http://t.co/doz9RMilol
593891101959917568,http://pbs.twimg.com/media/CDsOoEFWEAExtzL.jpg,http://t.co/cwKvHu2LWl
593891102257713152,http://pbs.twimg.com/media/CD3qKQ3VEAA6pgM.jpg,http://t.co/4myFekg5ex
593891103100776448,http://pbs.twimg.com/media/CD3mxBMW0AEVICD.jpg,http://t.co/SNMkRDCe9f
593891104438759425,http://pbs.twimg.com/media/CD2Z53AWoAAviDQ.jpg,http://t.co/doz9RMilol
593891106590429185,http://pbs.twimg.com/media/CC9II0QUkAIeVDr.jpg,http://t.co/o3sG5B4Llj
593891107039215616,http://pbs.twimg.com/media/CD3qP7lWYAAOBXW.jpg,http://t.co/ts9ZnULDwr
593891108314308608,http://pbs.twimg.com/media/CD3NTZdW8AE3uoT.png,http://t.co/F48orkoAbc
593891110616989696,http://pbs.twimg.com/media/CD3rJUVUMAAuEth.jpg,http://t.co/gHMZXK3Tbc
593891111824941056,http://pbs.twimg.com/media/CD3oAiPWAAAdU2k.png,http://t.co/KsqFCqwSFB
593891116140888065,http://pbs.twimg.com/media/CD3iopTXIAA914t.jpg,http://t.co/XCfyirgaxE
593891117474668544,http://pbs.twimg.com/media/CD3rJUVUMAAuEth.jpg,http://t.co/gHMZXK3Tbc
593891118867185664,http://pbs.twimg.com/media/CD3ss9gW8AI3c8k.jpg,http://t.co/bGtWm4VM5D
593891118779097090,http://pbs.twimg.com/media/CD1c3gmWEAMiNl1.jpg,http://t.co/c1AZxcLhbH
593891119609556992,http://pbs.twimg.com/media/CD3ss9gW8AI3c8k.jpg,http://t.co/bGtWm4VM5D
593891120913977344,http://pbs.twimg.com/media/CAIbuq_WQAAvxRg.png,http://t.co/4lk4w72f1A
593891123149570049,http://pbs.twimg.com/media/CD3fNlnWIAA62Iw.jpg,http://t.co/gd42tw4Tgc
593891128472170497,http://pbs.twimg.com/media/CDvhVVgWoAAjmfz.jpg,http://t.co/q0B18I9OFA
