created_at,favorite_count,id,in_reply_to_status_id,in_reply_to_user_id,retweet_count,retweeted,text,truncated,user.id
Thu Apr 30 21:34:06 +0000 2015,0,593891099434983425,,,0,False,RT @KirkKus: Indirect cost of the UK being in the EU is estimated to be costing Britain £170 billion per year! #BetterOffOut #UKIP,False,107794703
Thu Apr 30 21:34:06 +0000 2015,0,593891099548094465,,,0,False,VIDEO: Sturgeon on post-election deals http://t.co/BTJwrpbmOY,False,557422508
Thu Apr 30 21:34:06 +0000 2015,0,593891099388846080,,,0,False,RT @LabourEoin: The economy was growing 3 times faster on the day David Cameron became Prime Minister than it is today.. #BBCqt http://t.co…,False,3006692193
Thu Apr 30 21:34:06 +0000 2015,0,593891100429045760,,,0,False,RT @GregLauder: the UKIP east lothian candidate looks about 16 and still has an msn addy http://t.co/7eIU0c5Fm1,False,455154030
Thu Apr 30 21:34:07 +0000 2015,0,593891100768784384,,,0,False,RT @thesundaypeople: UKIP's housing spokesman rakes in £800k in housing benefit from migrants.  http://t.co/GVwb9Rcb4w http://t.co/c1AZxcLh…,False,187547338
Thu Apr 30 21:34:07 +0000 2015,0,593891100982546432,,,0,False,RT @Nigel_Farage: Make sure you tune in to #AskNigelFarage tonight on BBC 1 at 22:50! #UKIP http://t.co/ogHSc2Rsr2,False,2164339015
Thu Apr 30 21:34:07 +0000 2015,0,593891101154619392,,,0,False,RT @joannetallis: Ed Milliband is an embarrassment. Would you want him representing the UK?!  #bbcqt vote @Conservatives,False,370363681
Thu Apr 30 21:34:07 +0000 2015,0,593891101452476416,,,0,False,"RT @abstex: The FT is backing the Tories. On an unrelated note, here's a photo of FT leader writer Jonathan Ford (next to Boris) http://t.c…",False,2264656669
Thu Apr 30 21:34:07 +0000 2015,0,593891101838340096,,,0,False,RT @NivenJ1: “@George_Osborne: Ed Miliband proved tonight why he's not up to the job” Tbf you've spent 5 years doing that you salivating do…,False,304086842
Thu Apr 30 21:34:07 +0000 2015,0,593891101313896449,,,0,False,LOLZ to Trickle Down Wealth. It's never trickling past their own wallets. Greed always wins $$$ for the greedy.  https://t.co/X7deoPbS97,False,2471552766
Thu Apr 30 21:34:07 +0000 2015,0,593891101766918144,,,0,False,SNP leader faces audience questions http://t.co/TYClKltSpW,False,557422508
Thu Apr 30 21:34:07 +0000 2015,0,593891101959917568,,,0,False,"RT @cononeilluk: Cameron ""Ed Milliband hanging out with Russell Brand. He is a joke. This is an election. This is about real people' http:/…",False,157763350
Thu Apr 30 21:34:07 +0000 2015,0,593891102257713152,,,0,False,RT @politicshome: Ed Miliband: Last Labour government did not overspend http://t.co/W9RJ2aSH6o http://t.co/4myFekg5ex,False,2888909722
Thu Apr 30 21:34:07 +0000 2015,0,593891102480007169,,,0,False,"If Miliband is refusing to do any deal with the SNP, how does he plan on forming a government?",False,390331913
Thu Apr 30 21:34:07 +0000 2015,0,593891103100776448,,,0,False,RT @scotnotbritt: Well thats it. LABOUR would rather have a TORY government rather than work with the SNP. http://t.co/SNMkRDCe9f,False,221176097
Thu Apr 30 21:34:07 +0000 2015,0,593891103184551936,,,0,False,Cameron wins last TV contest of election campaign - poll: LONDON (Reuters) - Prime Minister David Cameron won the… http://t.co/aUMOoYWOSk,False,2724103423
Thu Apr 30 21:34:07 +0000 2015,0,593891102836563969,,,0,False,"RT @stephen501: @dunleavy138 @CrillyBobc @theSNP @UKLabour I would be happy to do a deal with the SNP, but @Ed_Miliband was clear. If you w…",False,523427919
Thu Apr 30 21:34:07 +0000 2015,0,593891102895296512,,,0,False,"How dare @EdMiliband_MP force Socialists to chose between the English LP and the SNP! The #SNP are the last, true Socialist party in the UK",False,343918719
Thu Apr 30 21:34:07 +0000 2015,0,593891103272665088,,,0,False,Watch: Ed Miliband trips off the stage following Question Time leaders special http://t.co/X61IGbe07R,False,160930875
Thu Apr 30 21:34:07 +0000 2015,0,593891104438759425,,,0,False,"RT @abstex: The FT is backing the Tories. On an unrelated note, here's a photo of FT leader writer Jonathan Ford (next to Boris) http://t.c…",False,60061001
Thu Apr 30 21:34:08 +0000 2015,0,593891104870813699,593890177019416576,278076899,0,False,@B0MBSKARE the anti-Scottish feeling is largely a product of Tory press scaremongering. In practice most people won't give a toss!,False,1584156685
Thu Apr 30 21:34:08 +0000 2015,0,593891105457897472,,,0,False,"Miliband stumbles, Cameron dodges http://t.co/wnv2zOhQvq",False,323685593
Thu Apr 30 21:34:08 +0000 2015,0,593891105935994880,,,0,False,Miliband - I'd pass on PM job rather than do deal with Scots nationalists: LONDON (Reuters) - British Labour Party… http://t.co/2cFGVfWkqF,False,2724103423
Thu Apr 30 21:34:08 +0000 2015,0,593891106066198529,,,0,False,RT @GloriaDePiero: Nick Clegg is just as responsible for this Govt's failing  plan as David Cameron - he's backed the Tories all the  way,False,115142697
Thu Apr 30 21:34:08 +0000 2015,0,593891106590429185,,,0,False,RT @mykilmarnock: Will the person who dropped a Vote SNP badge please call at Kilmarnock police station to collect it. http://t.co/o3sG5B4L…,False,352549747
Thu Apr 30 21:34:08 +0000 2015,0,593891106787631104,,,0,False,RT @Markfergusonuk: The Sun’s Twitter worm appears to believe Ed Miliband is winning so far #bbcqt http://t.co/ZgZbSwnZxZ,False,3129616979
Thu Apr 30 21:34:08 +0000 2015,0,593891106921799680,593890427595595776,336162378,0,False,"@ScottishPleb @AHairyBiker

SNP toxic in England. Why would Labour want to do a deal with them?",False,336162378
Thu Apr 30 21:34:08 +0000 2015,0,593891107232165888,,,0,False,"RT @KatieKhaleesi: I'm #SNPbecause in my entire adult life I've only seen Labour &amp; Tories cause misery, war, and further victimisation of t…",False,45970197
Thu Apr 30 21:34:08 +0000 2015,0,593891107437699072,,,0,False,Jeremy Vine doesn't think the SNP Scottish takeover merits a mention,False,3202460764
Thu Apr 30 21:34:08 +0000 2015,0,593891107387375616,,,0,False,"RT @daniloxxv: ""UKIP is the bastard child of the big three parties. With apologies to all bastards."" - @PeterTatchell at the University of …",False,2234850703
Thu Apr 30 21:34:08 +0000 2015,0,593891107039215616,593888286394945536,21910500,0,False,"“@suttonnick: Friday's Times front page:
Miliband savaged for ‘lies’ over spending
#tomorrowspaperstoday #bbcpapers http://t.co/ts9ZnULDwr”",False,159072956
Thu Apr 30 21:34:08 +0000 2015,0,593891107857158145,,,0,False,RT @dhothersall: Scenes of celebration in Glasgow as #SNP applaud a #Conservative victory. Just a bit of fun. Or is it? :-) https://t.co/hh…,False,514760597
Thu Apr 30 21:34:08 +0000 2015,0,593891108117155840,593855300832251904,21439144,0,False,"@KTHopkins SNP thickos look forward to having the balance of power, bringing fair, decent policies that fascists bigots like u detest!",False,2791535302
Thu Apr 30 21:34:08 +0000 2015,0,593891108314308608,,,0,False,RT @LabourEoin: Another humongous lie from David Cameron. He has not clamped down on Tax Avoidance. Uncollected Tax has risen #BBCqt http:/…,False,719947915
Thu Apr 30 21:34:08 +0000 2015,0,593891108716961792,,,0,False,"my tory dad:
""if UKIP had a chance here I'd definitely vote for them.""

*5 mins later*
""you are so blinkered!!! so closed minded!!""

u sure?",False,30728366
Thu Apr 30 21:34:09 +0000 2015,0,593891109580967936,,,0,False,"Tonight's polling average: Con 33.7%, Lab 33%, UKIP 13%, Lib Dem 8% and Green 5.7%.",False,138076595
Thu Apr 30 21:34:09 +0000 2015,0,593891110239543296,,,0,False,RT @jsteve372: .@mik61scot it's Nicola Sturgeon's new education policy... Improve literacy by getting deprive kids reading words on helicop…,False,87032917
Thu Apr 30 21:34:09 +0000 2015,0,593891110616989696,,,0,False,"RT @guardian: Guardian front page, Friday 1 May 2015: Miliband hardens his line: I will not do deal with SNP http://t.co/gHMZXK3Tbc",False,1160879552
Thu Apr 30 21:34:09 +0000 2015,0,593891110763757568,,,0,False,RT @StephenHep21: @ScotlandTonight Ed is free to say he wont do a deal. It is #SNP who will never be forgiven if they vote down a Labour go…,False,80291715
Thu Apr 30 21:34:09 +0000 2015,0,593891111502016512,,,0,False,RT @Ed_Miliband: I want to be completely clear: there will no coalition and no deals with the SNP. #bbcqt,False,2397876343
Thu Apr 30 21:34:09 +0000 2015,0,593891111824941056,,,0,False,RT @HuffPostUK: The Tory spin message about David Cameron's performance is a bit obvious #bbcqt http://t.co/yihDlG5NVo http://t.co/KsqFCqwS…,False,131257940
Thu Apr 30 21:34:09 +0000 2015,0,593891111799783424,593890934716248064,19017675,0,False,@Nigel_Farage Does Ed's rejection of Lab/SNP deal undermine Cameron's plea to Ukippers to 'come home' on the basis of that proposal?,False,572909495
Thu Apr 30 21:34:09 +0000 2015,0,593891111942365186,,,0,False,RT @Ed_Miliband: I want to be completely clear: there will no coalition and no deals with the SNP. #bbcqt,False,211639555
Thu Apr 30 21:34:09 +0000 2015,0,593891111946551296,,,0,False,"RT @chaos_lane: imagine fighting for us to stay in the union, promising that Scotland's voice will be heard, and then refusing to do a deal…",False,431991168
Thu Apr 30 21:34:09 +0000 2015,0,593891112407924736,,,0,False,Account for every penny? Like you did last time? Your nose should be 2 foot long! https://t.co/k4NMrenulf,False,1298754739
Thu Apr 30 21:34:10 +0000 2015,0,593891113179750401,,,0,False,RT @ronwindward: @JimForScotland Crazy statements like that just confirms to me I made the right decision in leaving Labour for the SNP.Tim…,False,112839986
Thu Apr 30 21:34:10 +0000 2015,0,593891113750106112,,,0,False,"RT @Riath84: Great, you reduced the deficit, by killing and shitting on the poor. Good job. Not really something to be bragging about Torie…",False,25584011
Thu Apr 30 21:34:10 +0000 2015,0,593891113481572353,,,0,False,Clegg: Education spending is a coalition 'red line' - ITV News http://t.co/uLHiJeeJi6,False,773391421
Thu Apr 30 21:34:10 +0000 2015,0,593891113498443776,,,0,False,Can you shut the NS down until May 8. #Prettyplease https://t.co/u5foOReQIh,False,416610759
Thu Apr 30 21:34:10 +0000 2015,0,593891114215723008,,,0,False,Fucking biased #BBC allowing @Nigel_Farage to have a #leadersdebate program all of his own... #NigelFarage #UKIP #GE2015,False,2239487486
Thu Apr 30 21:34:10 +0000 2015,0,593891114475716608,,,0,False,"'I'm not going to cave in to the SNP over Trident and the deficit'.

A left-wing party in favour of nuclear weapons and maintaing austerity",False,1303763558
Thu Apr 30 21:34:10 +0000 2015,0,593891114496729088,,,0,False,"RT @nickgoff79: If Miliband had replied then, ""ah, you work in recruitment? No wonder you're such a dick."" I'd have voted for him. But he d…",False,864943860
Thu Apr 30 21:34:10 +0000 2015,0,593891114744164354,,,0,False,"RT @EllieCumbo: Oh, Tories. Wiz zis message discipline you are really spoiling uz. http://t.co/wg5WhNyp6O",False,2695397184
Thu Apr 30 21:34:10 +0000 2015,0,593891114853216257,,,0,False,RT @LeeMartin4947: Miliband on Question Time: I won't have Labour government if it means SNP deal http://t.co/8DPMTRsqG1 #GE2015,False,223162337
Thu Apr 30 21:34:10 +0000 2015,0,593891115457064960,,,0,False,VIDEO: Sturgeon on post-election deals http://t.co/sLvUpn2uD8,False,323685593
Thu Apr 30 21:34:10 +0000 2015,0,593891115658383360,,,0,False,Watch: Ed Miliband trips off the stage following Question Time leaders special http://t.co/PjP3yb5u6t,False,453176496
Thu Apr 30 21:34:10 +0000 2015,0,593891116140888065,,,0,False,"RT @joncraig: Scottish audience all address Sturgeon as ""Nicola"". Earlier on QT it was ""Mr Cameron"", ""Mr Miliband"" &amp; ""Mr Clegg"". http://t.c…",False,962778541
Thu Apr 30 21:34:10 +0000 2015,0,593891116363214848,,361756405,0,False,"@ScotlandTonight If Miliband will step aside to let Tories in, we need 59 SNP MPs more than ever to stand up for Scotland @theSNP #VoteSNP",False,20048514
Thu Apr 30 21:34:10 +0000 2015,0,593891116405100544,,,0,False,RT @ChristinaSNP: I just heard Milliband's pronouncements........ Oh dear.... Cutting off his nose to spite the Scots.... #VoteSNP,False,327604786
Thu Apr 30 21:34:10 +0000 2015,0,593891117269155841,,,0,False,#Newsnight or Farage talking cr*p for nearly half an hour. A tough call; though Farage might well melt down yet again w/audience questions..,False,405194953
Thu Apr 30 21:34:11 +0000 2015,0,593891117638254592,,,0,False,Kind of like/support nick clegg hahahaha,False,2547024664
Thu Apr 30 21:34:11 +0000 2015,0,593891117525016576,,,0,False,RT @chunkymark: How would labour supporters/country feel if @Ed_Miliband let Tories have another 5 years by refusing to have coalition with…,False,20316261
Thu Apr 30 21:34:11 +0000 2015,0,593891117474668544,,,0,False,"RT @guardian: Guardian front page, Friday 1 May 2015: Miliband hardens his line: I will not do deal with SNP http://t.co/gHMZXK3Tbc",False,158533234
Thu Apr 30 21:34:11 +0000 2015,0,593891118045110272,,,0,False,"Couldn't watch the leaders Q&amp;As tonight as I was at a scholarship dinner, but at said dinner I argued Labour doesn't need nor want the SNP",False,102098702
Thu Apr 30 21:34:11 +0000 2015,0,593891118384869376,,,0,False,"RT @GardhamHT: Scots will never forgive Lab if Tories get in because Miliband refuses to work with SNP, says Stewart Hosie",False,2938705671
Thu Apr 30 21:34:11 +0000 2015,0,593891118867185664,,,0,False,RT @DanHannanMEP: Ed Miliband bases his campaign around not trusting us on the EU. What would it say about us if we elected him? http://t.c…,False,557752563
Thu Apr 30 21:34:11 +0000 2015,0,593891118779097090,,,0,False,RT @thesundaypeople: UKIP's housing spokesman rakes in £800k in housing benefit from migrants.  http://t.co/GVwb9Rcb4w http://t.co/c1AZxcLh…,False,323227501
Thu Apr 30 21:34:11 +0000 2015,0,593891118732849152,,,0,False,SNP leader faces audience questions http://t.co/gk6yJ9zXNx,False,323685593
Thu Apr 30 21:34:11 +0000 2015,0,593891119165001728,,,0,False,"RT @CountryStandard: You Gov Poll Tonight
LAB - 35% (+1)
CON - 34% (-1)
UKIP - 12% (-)
LDEM - 8% (-1)
GRN - 5% (+1)",False,628502330
Thu Apr 30 21:34:11 +0000 2015,0,593891119609556992,,,0,False,RT @DanHannanMEP: Ed Miliband bases his campaign around not trusting us on the EU. What would it say about us if we elected him? http://t.c…,False,281089096
Thu Apr 30 21:34:11 +0000 2015,0,593891119701880833,,,0,False,RT @JimForScotland: Labour has called SNP bluff. The SNP must now be clear: are they willing to prevent or bring down a Labour government &amp;…,False,942479006
Thu Apr 30 21:34:11 +0000 2015,0,593891120767225856,,,0,False,"""Making love is not on the cards here, he's a Tory""",False,336530746
Thu Apr 30 21:34:11 +0000 2015,0,593891120825954304,,,0,False,"Audience member: why are million's more people using foodbanks?
David Cameron: here's a letter saying there's no money left",False,1950008834
Thu Apr 30 21:34:11 +0000 2015,0,593891121111179265,,,0,False,David Cameron hugs another husky in the storms http://t.co/WWkaKjKEdJ #david Cameron #hugahusky #davidcamerontweet #greatstorm 2013 #StJude,False,1257694519
Thu Apr 30 21:34:11 +0000 2015,0,593891120913977344,,,0,False,RT @gemini2359: #bbcqt Tories 1st introduced PFI In NHS not Labour. Here's Ken Clarke boasting of it. http://t.co/4lk4w72f1A,False,1962796308
Thu Apr 30 21:34:11 +0000 2015,0,593891120989544448,,,0,False,"RT @sunny_hundal: It's far easier for Labour to work as a minority govt than the Tories. Miliband can call SNP's bluff, while Cameron has n…",False,36063034
Thu Apr 30 21:34:11 +0000 2015,0,593891121194995712,,,0,False,Fair point...... https://t.co/etdlMiew4T,False,19286879
Thu Apr 30 21:34:11 +0000 2015,0,593891121312440320,,,0,False,RT @labourpress: We learnt the most from the question David Cameron wouldn't answer tonight: clear now the Tories will cut Child Benefit #b…,False,2584199773
Thu Apr 30 21:34:12 +0000 2015,0,593891122541240320,,,0,False,Watch: Ed Miliband trips off the stage following Question Time leaders special http://t.co/ndbqvgEkNK,False,2768062344
Thu Apr 30 21:34:12 +0000 2015,0,593891123149570049,,,0,False,RT @SunNation: #SUNNATION EXCLUSIVE: We reveal the man responsible for Ed slipping off the stage... http://t.co/WZ7bITsezb http://t.co/gd42…,False,2917805117
Thu Apr 30 21:34:12 +0000 2015,0,593891123183099906,,,0,False,ED MILIBAND FELL OF STAGE... HOW IS HE GOING TO RUN THE COUNTRY?!?!?!????,False,363838141
Thu Apr 30 21:34:12 +0000 2015,0,593891123304787968,,,0,False,"RT @HouseOfTraitors: #bbcbias Number of times Party/Leader mentioned tonight on @BBCNews

LAB  14
CON  9
LIB    7
SNP  5
UKIP  0",False,1242229584
Thu Apr 30 21:34:12 +0000 2015,0,593891123292078081,,,0,False,RT @Lou_i5e: @RogerV52 @UKIP 100% Nigel,False,2951248157
Thu Apr 30 21:34:12 +0000 2015,0,593891123325771776,593890176709046272,948314394,0,False,@Daniel__Brookes @sarahduk121 @Nigel_Farage @UKIP that's a tad semantic? perhaps we should use recent general election results as best guide,False,22848976
Thu Apr 30 21:34:12 +0000 2015,0,593891123673878528,,,0,False,"RT @britainelects: Latest YouGov poll (29 - 30 Apr):
LAB - 35% (+1)
CON - 34% (-1)
UKIP - 12% (-)
LDEM - 8% (-1)
GRN - 5% (+1)",False,2957078271
Thu Apr 30 21:34:12 +0000 2015,0,593891123766099970,,,0,False,The historic link between Labour and the trade unions is about to break - thanks to the SNP | via @Telegraph http://t.co/W5JB0FAFet,False,852919230
Thu Apr 30 21:34:12 +0000 2015,0,593891123610963968,,,0,False,RT @jogideon: Ed Miliband's in denial about his past squandering of our money. Don't let him do it again https://t.co/swqjv3xnHe,False,83628515
Thu Apr 30 21:34:12 +0000 2015,0,593891124680482817,,,0,False,RT @BuntinRobert: Murphy in Scotland insults our intelligence. Milliband in London demeans all Scots. The Scots will not take it lying down…,False,564954573
Thu Apr 30 21:34:12 +0000 2015,0,593891124953161728,,,0,False,#UKIP TO WIN #FARAGEFOREVER,False,382885872
Thu Apr 30 21:34:12 +0000 2015,0,593891125066346497,,,0,False,RT @andrew4mk: Off to Citizens MK assembly to show my commitment to living wage. Another no show from my Tory opponent.,False,15709635
Thu Apr 30 21:34:12 +0000 2015,0,593891125246689280,,,0,False,"RT @paulwaugh: ICM found just 6% #bbcqt viewers changed their mind. Small sub sample but: Clegg won 32% of switchers, Cam 25% Ed 20% http:/…",False,2578825735
Thu Apr 30 21:34:13 +0000 2015,0,593891126261592064,,,0,False,Watch: Ed Miliband trips off the stage following Question Time leaders special http://t.co/Pm5UrTC2I5,False,2701597927
Thu Apr 30 21:34:13 +0000 2015,0,593891126916046849,,,0,False,"RT @LiarMPs: Russell Brand wants to hug people who thinks its ok to chop peoples heads off on our streets.
Miliband is only reaching out to…",False,1454249192
Thu Apr 30 21:34:13 +0000 2015,0,593891127197073408,,,0,False,"So, on BBC Question Time's election special interview with the various party leaders, Miliband relented to the... http://t.co/JrCAHcLYrn",False,21105283
Thu Apr 30 21:34:13 +0000 2015,0,593891127545180162,,,0,False,Bbc scotlands entire lead story is 'nicola sturgeon won't rule out what she's already ruled out',False,23298323
Thu Apr 30 21:34:13 +0000 2015,0,593891127520043008,,,0,False,"RT @WilsonWilson009: Leaked reports that #Tories feared ""inevitable ""election defeat so ran a campaign of false flags, muddying of the wate…",False,586004207
Thu Apr 30 21:34:13 +0000 2015,0,593891127918493698,,,0,False,RT @SolManOfficial: Labour will do a deal with SNP make no mistake! Scotland will rule the UK!,False,76792634
Thu Apr 30 21:34:13 +0000 2015,0,593891127918485504,,,0,False,"And like LibDem leader Mr C said, he had to make hard and brave decision 5yrs ago, to save Britain becm like Greece; huge impact stories",False,633315980
Thu Apr 30 21:34:13 +0000 2015,0,593891128262418433,,,0,False,"RT @benglaze: Great line from Lucy Powell on Miliband's minor trip: ""Ed slipped on David Cameron's sweat."" #GE2015 #bbcqt",False,436708587
Thu Apr 30 21:34:13 +0000 2015,0,593891128472170497,,,0,False,"RT @KatyFBrand: While Cameron slags off Miliband for meeting Russell Brand, shall we just bear this in mind? http://t.co/q0B18I9OFA",False,1029438206
